
> morsalin-portfolio-website@0.1.0 build
> next build

Γû▓ Next.js 16.1.6 (Turbopack)
- Environments: .env.local

  Creating an optimized production build ...
Error: Cannot apply unknown utility class `bg-background`. Are you using CSS modules or similar and missing `@reference`? https://tailwindcss.com/docs/functions-and-directives#reference-directive
    [at onInvalidCandidate (F:\production web and mobile app development\web development\morsalin-portfolio-website\node_modules\tailwindcss\dist\lib.js:21:1314)]
    [at Ee (F:\production web and mobile app development\web development\morsalin-portfolio-website\node_modules\tailwindcss\dist\lib.js:16:37066)]
    [at F:\production web and mobile app development\web development\morsalin-portfolio-website\node_modules\tailwindcss\dist\lib.js:21:355]
    [at Pr (F:\production web and mobile app development\web development\morsalin-portfolio-website\node_modules\tailwindcss\dist\lib.js:3:1733)]
    [at _ (F:\production web and mobile app development\web development\morsalin-portfolio-website\node_modules\tailwindcss\dist\lib.js:3:1377)]
    [at Te (F:\production web and mobile app development\web development\morsalin-portfolio-website\node_modules\tailwindcss\dist\lib.js:21:172)]
    [at pn (F:\production web and mobile app development\web development\morsalin-portfolio-website\node_modules\tailwindcss\dist\lib.js:38:294)]
    [at process.processTicksAndRejections (node:internal/process/task_queues:105:5)]
    [at async dn (F:\production web and mobile app development\web development\morsalin-portfolio-website\node_modules\tailwindcss\dist\lib.js:38:631)]
    [at async Xr (F:\production web and mobile app development\web development\morsalin-portfolio-website\node_modules\@tailwindcss\node\dist\index.js:10:3417)]

> Build error occurred
Error: Turbopack build failed with 1 errors:
./src/app/globals.css
Error evaluating Node.js code
CssSyntaxError: tailwindcss: F:\production web and mobile app development\web development\morsalin-portfolio-website\src\app\globals.css:1:1: Cannot apply unknown utility class `bg-background`. Are you using CSS modules or similar and missing `@reference`? https://tailwindcss.com/docs/functions-and-directives#reference-directive
    at Input.error (node_modules/postcss/lib/input.js:135:16) [F:\production web and mobile app development\web development\morsalin-portfolio-website\.next\build\chunks\node_modules_fe693df6._.js:4651:22]
    at Root.error (node_modules/postcss/lib/node.js:146:32) [F:\production web and mobile app development\web development\morsalin-portfolio-website\.next\build\chunks\node_modules_fe693df6._.js:928:38]
    [at Object.Once (F:\production web and mobile app development\web development\morsalin-portfolio-website\node_modules\@tailwindcss\postcss\dist\index.js:10:6913)]
    [at process.processTicksAndRejections (node:internal/process/task_queues:105:5)]
    at async LazyResult.runAsync (node_modules/postcss/lib/lazy-result.js:293:11) [F:\production web and mobile app development\web development\morsalin-portfolio-website\.next\build\chunks\node_modules_fe693df6._.js:6214:21]
    at async transform (turbopack:///[turbopack-node]/transforms/postcss.ts:70:34) [F:\production web and mobile app development\web development\morsalin-portfolio-website\.next\build\chunks\[root-of-the-server]__51225daf._.js:146:36]
    at async run (turbopack:///[turbopack-node]/ipc/evaluate.ts:92:23) [F:\production web and mobile app development\web development\morsalin-portfolio-website\.next\build\chunks\[root-of-the-server]__974941ed._.js:443:31]

Import trace:
  Client Component Browser:
    ./src/app/globals.css [Client Component Browser]
    ./src/app/layout.js [Server Component]


    at async transform (turbopack:///[turbopack-node]/transforms/postcss.ts:70:34) [F:\production web and mobile app development\web development\morsalin-portfolio-website\.next\build\chunks\[root-of-the-server]__51225daf._.js:146:36])
    at async run (turbopack:///[turbopack-node]/ipc/evaluate.ts:92:23) [F:\production web and mobile app development\web development\morsalin-portfolio-website\.next\build\chunks\[root-of-the-server]__974941ed._.js:443:31])
